2026-09-09 16:47:05.465: [INFO] CurrentProfilePath: C:\Users\brfer\eclipse-workspace\.metadata\.plugins\org.eclipse.swt\EBWebView\Default
2026-09-09 16:47:05.465: [INFO] Profiles total count: 1
2026-09-09 16:47:05.465: [INFO] Profile: name=Perfil 1 path=C:\Users\brfer\eclipse-workspace\.metadata\.plugins\org.eclipse.swt\EBWebView\Default lastActive=null
2026-09-09 16:47:05.465: [INFO] LastUsedProfileDir: C:\Users\brfer\eclipse-workspace\.metadata\.plugins\org.eclipse.swt\EBWebView\Default
2026-09-09 16:47:05.465: [INFO] OnDoneLoading sync enabled: 0
2026-09-09 16:47:05.465: [INFO] BookmarkModelLoaded, ids_reassigned: 0
2026-09-09 16:47:05.465: [INFO] BookmarksLoadDropped droppedNodes=0
2026-09-09 16:47:05.465: [INFO] BookmarksSnapshot Startup total=0 bar=0 other=0 mobile=0 showBar=0 showBarNTP=1
2026-09-09 16:47:17.888: [INFO] BookmarksSnapshot Shutdown total=0 bar=0 other=0 mobile=0 showBar=0 showBarNTP=1
2026-09-09 16:47:19.557: [INFO] CurrentProfilePath: C:\Users\brfer\eclipse-workspace\.metadata\.plugins\org.eclipse.swt\EBWebView\Default
2026-09-09 16:47:19.557: [INFO] Profiles total count: 1
2026-09-09 16:47:19.557: [INFO] Profile: name=Perfil 1 path=C:\Users\brfer\eclipse-workspace\.metadata\.plugins\org.eclipse.swt\EBWebView\Default lastActive=2026-09-09T16:47:06.205Z
2026-09-09 16:47:19.557: [INFO] LastUsedProfileDir: C:\Users\brfer\eclipse-workspace\.metadata\.plugins\org.eclipse.swt\EBWebView\Default
2026-09-09 16:47:19.557: [INFO] MostRecentlyActiveProfile: name=Perfil 1 path=C:\Users\brfer\eclipse-workspace\.metadata\.plugins\org.eclipse.swt\EBWebView\Default lastActive=2026-09-09T16:47:06.205Z
2026-09-09 16:47:19.557: [INFO] OnDoneLoading sync enabled: 0
2026-09-09 16:47:19.557: [INFO] BookmarkModelLoaded, ids_reassigned: 0
2026-09-09 16:47:19.557: [INFO] BookmarksLoadDropped droppedNodes=0
2026-09-09 16:47:19.557: [INFO] BookmarksSnapshot Startup total=0 bar=0 other=0 mobile=0 showBar=0 showBarNTP=1
2026-09-09 16:47:28.637: [INFO] BookmarksSnapshot Shutdown total=0 bar=0 other=0 mobile=0 showBar=0 showBarNTP=1
2026-09-10 10:41:33.183: [INFO] CurrentProfilePath: C:\Users\brfer\eclipse-workspace\.metadata\.plugins\org.eclipse.swt\EBWebView\Default
2026-09-10 10:41:33.183: [INFO] Profiles total count: 1
2026-09-10 10:41:33.183: [INFO] Profile: name=Perfil 1 path=C:\Users\brfer\eclipse-workspace\.metadata\.plugins\org.eclipse.swt\EBWebView\Default lastActive=2026-09-09T16:47:26.915Z
2026-09-10 10:41:33.183: [INFO] LastUsedProfileDir: C:\Users\brfer\eclipse-workspace\.metadata\.plugins\org.eclipse.swt\EBWebView\Default
2026-09-10 10:41:33.183: [INFO] MostRecentlyActiveProfile: name=Perfil 1 path=C:\Users\brfer\eclipse-workspace\.metadata\.plugins\org.eclipse.swt\EBWebView\Default lastActive=2026-09-09T16:47:26.915Z
2026-09-10 10:41:33.183: [INFO] OnDoneLoading sync enabled: 0
2026-09-10 10:41:33.183: [INFO] BookmarkModelLoaded, ids_reassigned: 0
2026-09-10 10:41:33.183: [INFO] BookmarksLoadDropped droppedNodes=0
2026-09-10 10:41:33.183: [INFO] BookmarksSnapshot Startup total=0 bar=0 other=0 mobile=0 showBar=0 showBarNTP=1
2026-09-10 10:41:44.786: [INFO] BookmarksSnapshot Shutdown total=0 bar=0 other=0 mobile=0 showBar=0 showBarNTP=1
2026-09-10 10:50:26.822: [INFO] CurrentProfilePath: C:\Users\brfer\eclipse-workspace\.metadata\.plugins\org.eclipse.swt\EBWebView\Default
2026-09-10 10:50:26.822: [INFO] Profiles total count: 1
2026-09-10 10:50:26.822: [INFO] Profile: name=Perfil 1 path=C:\Users\brfer\eclipse-workspace\.metadata\.plugins\org.eclipse.swt\EBWebView\Default lastActive=2026-09-10T10:41:39.956Z
2026-09-10 10:50:26.822: [INFO] LastUsedProfileDir: C:\Users\brfer\eclipse-workspace\.metadata\.plugins\org.eclipse.swt\EBWebView\Default
2026-09-10 10:50:26.822: [INFO] MostRecentlyActiveProfile: name=Perfil 1 path=C:\Users\brfer\eclipse-workspace\.metadata\.plugins\org.eclipse.swt\EBWebView\Default lastActive=2026-09-10T10:41:39.956Z
2026-09-10 10:50:26.822: [INFO] OnDoneLoading sync enabled: 0
2026-09-10 10:50:26.822: [INFO] BookmarkModelLoaded, ids_reassigned: 0
2026-09-10 10:50:26.822: [INFO] BookmarksLoadDropped droppedNodes=0
2026-09-10 10:50:26.822: [INFO] BookmarksSnapshot Startup total=0 bar=0 other=0 mobile=0 showBar=0 showBarNTP=1
2026-09-10 10:59:46.254: [INFO] BookmarksSnapshot Shutdown total=0 bar=0 other=0 mobile=0 showBar=0 showBarNTP=1
2026-09-10 10:59:46.340: [INFO] CurrentProfilePath: C:\Users\brfer\eclipse-workspace\.metadata\.plugins\org.eclipse.swt\EBWebView\Default
2026-09-10 10:59:46.340: [INFO] Profiles total count: 1
2026-09-10 10:59:46.340: [INFO] Profile: name=Perfil 1 path=C:\Users\brfer\eclipse-workspace\.metadata\.plugins\org.eclipse.swt\EBWebView\Default lastActive=2026-09-10T10:41:39.956Z
2026-09-10 10:59:46.340: [INFO] LastUsedProfileDir: C:\Users\brfer\eclipse-workspace\.metadata\.plugins\org.eclipse.swt\EBWebView\Default
2026-09-10 10:59:46.340: [INFO] MostRecentlyActiveProfile: name=Perfil 1 path=C:\Users\brfer\eclipse-workspace\.metadata\.plugins\org.eclipse.swt\EBWebView\Default lastActive=2026-09-10T10:41:39.956Z
2026-09-10 10:59:46.340: [INFO] OnDoneLoading sync enabled: 0
2026-09-10 10:59:46.340: [INFO] BookmarkModelLoaded, ids_reassigned: 0
2026-09-10 10:59:46.340: [INFO] BookmarksLoadDropped droppedNodes=0
2026-09-10 10:59:46.340: [INFO] BookmarksSnapshot Startup total=0 bar=0 other=0 mobile=0 showBar=0 showBarNTP=1
2026-09-10 11:01:03.860: [INFO] BookmarksSnapshot Shutdown total=0 bar=0 other=0 mobile=0 showBar=0 showBarNTP=1
2026-09-10 11:02:58.993: [INFO] CurrentProfilePath: C:\Users\brfer\eclipse-workspace\.metadata\.plugins\org.eclipse.swt\EBWebView\Default
2026-09-10 11:02:58.993: [INFO] Profiles total count: 1
2026-09-10 11:02:58.993: [INFO] Profile: name=Perfil 1 path=C:\Users\brfer\eclipse-workspace\.metadata\.plugins\org.eclipse.swt\EBWebView\Default lastActive=2026-09-10T10:41:39.956Z
2026-09-10 11:02:58.993: [INFO] LastUsedProfileDir: C:\Users\brfer\eclipse-workspace\.metadata\.plugins\org.eclipse.swt\EBWebView\Default
2026-09-10 11:02:58.993: [INFO] MostRecentlyActiveProfile: name=Perfil 1 path=C:\Users\brfer\eclipse-workspace\.metadata\.plugins\org.eclipse.swt\EBWebView\Default lastActive=2026-09-10T10:41:39.956Z
2026-09-10 11:02:58.993: [INFO] OnDoneLoading sync enabled: 0
2026-09-10 11:02:58.993: [INFO] BookmarkModelLoaded, ids_reassigned: 0
2026-09-10 11:02:58.993: [INFO] BookmarksLoadDropped droppedNodes=0
2026-09-10 11:02:58.993: [INFO] BookmarksSnapshot Startup total=0 bar=0 other=0 mobile=0 showBar=0 showBarNTP=1
2026-09-10 11:04:17.650: [INFO] BookmarksSnapshot Shutdown total=0 bar=0 other=0 mobile=0 showBar=0 showBarNTP=1
2026-09-10 11:05:35.430: [INFO] CurrentProfilePath: C:\Users\brfer\eclipse-workspace\.metadata\.plugins\org.eclipse.swt\EBWebView\Default
2026-09-10 11:05:35.430: [INFO] Profiles total count: 1
2026-09-10 11:05:35.430: [INFO] Profile: name=Perfil 1 path=C:\Users\brfer\eclipse-workspace\.metadata\.plugins\org.eclipse.swt\EBWebView\Default lastActive=2026-09-10T10:41:39.956Z
2026-09-10 11:05:35.430: [INFO] LastUsedProfileDir: C:\Users\brfer\eclipse-workspace\.metadata\.plugins\org.eclipse.swt\EBWebView\Default
2026-09-10 11:05:35.430: [INFO] MostRecentlyActiveProfile: name=Perfil 1 path=C:\Users\brfer\eclipse-workspace\.metadata\.plugins\org.eclipse.swt\EBWebView\Default lastActive=2026-09-10T10:41:39.956Z
2026-09-10 11:05:35.430: [INFO] OnDoneLoading sync enabled: 0
2026-09-10 11:05:35.430: [INFO] BookmarkModelLoaded, ids_reassigned: 0
2026-09-10 11:05:35.430: [INFO] BookmarksLoadDropped droppedNodes=0
2026-09-10 11:05:35.430: [INFO] BookmarksSnapshot Startup total=0 bar=0 other=0 mobile=0 showBar=0 showBarNTP=1
2026-09-10 11:05:53.477: [INFO] BookmarksSnapshot Shutdown total=0 bar=0 other=0 mobile=0 showBar=0 showBarNTP=1
2026-09-10 11:14:17.564: [INFO] CurrentProfilePath: C:\Users\brfer\eclipse-workspace\.metadata\.plugins\org.eclipse.swt\EBWebView\Default
2026-09-10 11:14:17.564: [INFO] Profiles total count: 1
2026-09-10 11:14:17.564: [INFO] Profile: name=Perfil 1 path=C:\Users\brfer\eclipse-workspace\.metadata\.plugins\org.eclipse.swt\EBWebView\Default lastActive=2026-09-10T10:41:39.956Z
2026-09-10 11:14:17.564: [INFO] LastUsedProfileDir: C:\Users\brfer\eclipse-workspace\.metadata\.plugins\org.eclipse.swt\EBWebView\Default
2026-09-10 11:14:17.564: [INFO] MostRecentlyActiveProfile: name=Perfil 1 path=C:\Users\brfer\eclipse-workspace\.metadata\.plugins\org.eclipse.swt\EBWebView\Default lastActive=2026-09-10T10:41:39.956Z
2026-09-10 11:14:17.564: [INFO] OnDoneLoading sync enabled: 0
2026-09-10 11:14:17.564: [INFO] BookmarkModelLoaded, ids_reassigned: 0
2026-09-10 11:14:17.564: [INFO] BookmarksLoadDropped droppedNodes=0
2026-09-10 11:14:17.564: [INFO] BookmarksSnapshot Startup total=0 bar=0 other=0 mobile=0 showBar=0 showBarNTP=1
2026-09-10 11:19:32.545: [INFO] BookmarksSnapshot Shutdown total=0 bar=0 other=0 mobile=0 showBar=0 showBarNTP=1
2026-09-10 11:22:03.567: [INFO] CurrentProfilePath: C:\Users\brfer\eclipse-workspace\.metadata\.plugins\org.eclipse.swt\EBWebView\Default
2026-09-10 11:22:03.567: [INFO] Profiles total count: 1
2026-09-10 11:22:03.567: [INFO] Profile: name=Perfil 1 path=C:\Users\brfer\eclipse-workspace\.metadata\.plugins\org.eclipse.swt\EBWebView\Default lastActive=2026-09-10T10:41:39.956Z
2026-09-10 11:22:03.567: [INFO] LastUsedProfileDir: C:\Users\brfer\eclipse-workspace\.metadata\.plugins\org.eclipse.swt\EBWebView\Default
2026-09-10 11:22:03.567: [INFO] MostRecentlyActiveProfile: name=Perfil 1 path=C:\Users\brfer\eclipse-workspace\.metadata\.plugins\org.eclipse.swt\EBWebView\Default lastActive=2026-09-10T10:41:39.956Z
2026-09-10 11:22:03.567: [INFO] OnDoneLoading sync enabled: 0
2026-09-10 11:22:03.567: [INFO] BookmarkModelLoaded, ids_reassigned: 0
2026-09-10 11:22:03.567: [INFO] BookmarksLoadDropped droppedNodes=0
2026-09-10 11:22:03.567: [INFO] BookmarksSnapshot Startup total=0 bar=0 other=0 mobile=0 showBar=0 showBarNTP=1
2026-09-10 11:22:08.977: [INFO] BookmarksSnapshot Shutdown total=0 bar=0 other=0 mobile=0 showBar=0 showBarNTP=1
2026-09-10 11:22:49.400: [INFO] CurrentProfilePath: C:\Users\brfer\eclipse-workspace\.metadata\.plugins\org.eclipse.swt\EBWebView\Default
2026-09-10 11:22:49.400: [INFO] Profiles total count: 1
2026-09-10 11:22:49.400: [INFO] Profile: name=Perfil 1 path=C:\Users\brfer\eclipse-workspace\.metadata\.plugins\org.eclipse.swt\EBWebView\Default lastActive=2026-09-10T10:41:39.956Z
2026-09-10 11:22:49.400: [INFO] LastUsedProfileDir: C:\Users\brfer\eclipse-workspace\.metadata\.plugins\org.eclipse.swt\EBWebView\Default
2026-09-10 11:22:49.400: [INFO] MostRecentlyActiveProfile: name=Perfil 1 path=C:\Users\brfer\eclipse-workspace\.metadata\.plugins\org.eclipse.swt\EBWebView\Default lastActive=2026-09-10T10:41:39.956Z
2026-09-10 11:22:49.400: [INFO] OnDoneLoading sync enabled: 0
2026-09-10 11:22:49.400: [INFO] BookmarkModelLoaded, ids_reassigned: 0
2026-09-10 11:22:49.400: [INFO] BookmarksLoadDropped droppedNodes=0
2026-09-10 11:22:49.400: [INFO] BookmarksSnapshot Startup total=0 bar=0 other=0 mobile=0 showBar=0 showBarNTP=1
2026-09-10 11:25:01.755: [INFO] BookmarksSnapshot Shutdown total=0 bar=0 other=0 mobile=0 showBar=0 showBarNTP=1
2026-09-10 11:27:54.182: [INFO] CurrentProfilePath: C:\Users\brfer\eclipse-workspace\.metadata\.plugins\org.eclipse.swt\EBWebView\Default
2026-09-10 11:27:54.182: [INFO] Profiles total count: 1
2026-09-10 11:27:54.182: [INFO] Profile: name=Perfil 1 path=C:\Users\brfer\eclipse-workspace\.metadata\.plugins\org.eclipse.swt\EBWebView\Default lastActive=2026-09-10T10:41:39.956Z
2026-09-10 11:27:54.182: [INFO] LastUsedProfileDir: C:\Users\brfer\eclipse-workspace\.metadata\.plugins\org.eclipse.swt\EBWebView\Default
2026-09-10 11:27:54.182: [INFO] MostRecentlyActiveProfile: name=Perfil 1 path=C:\Users\brfer\eclipse-workspace\.metadata\.plugins\org.eclipse.swt\EBWebView\Default lastActive=2026-09-10T10:41:39.956Z
2026-09-10 11:27:54.182: [INFO] OnDoneLoading sync enabled: 0
2026-09-10 11:27:54.182: [INFO] BookmarkModelLoaded, ids_reassigned: 0
2026-09-10 11:27:54.182: [INFO] BookmarksLoadDropped droppedNodes=0
2026-09-10 11:27:54.182: [INFO] BookmarksSnapshot Startup total=0 bar=0 other=0 mobile=0 showBar=0 showBarNTP=1
2026-09-10 11:28:07.247: [INFO] BookmarksSnapshot Shutdown total=0 bar=0 other=0 mobile=0 showBar=0 showBarNTP=1
2026-09-10 11:28:12.731: [INFO] CurrentProfilePath: C:\Users\brfer\eclipse-workspace\.metadata\.plugins\org.eclipse.swt\EBWebView\Default
2026-09-10 11:28:12.731: [INFO] Profiles total count: 1
2026-09-10 11:28:12.731: [INFO] Profile: name=Perfil 1 path=C:\Users\brfer\eclipse-workspace\.metadata\.plugins\org.eclipse.swt\EBWebView\Default lastActive=2026-09-10T10:41:39.956Z
2026-09-10 11:28:12.731: [INFO] LastUsedProfileDir: C:\Users\brfer\eclipse-workspace\.metadata\.plugins\org.eclipse.swt\EBWebView\Default
2026-09-10 11:28:12.731: [INFO] MostRecentlyActiveProfile: name=Perfil 1 path=C:\Users\brfer\eclipse-workspace\.metadata\.plugins\org.eclipse.swt\EBWebView\Default lastActive=2026-09-10T10:41:39.956Z
2026-09-10 11:28:12.731: [INFO] OnDoneLoading sync enabled: 0
2026-09-10 11:28:12.731: [INFO] BookmarkModelLoaded, ids_reassigned: 0
2026-09-10 11:28:12.731: [INFO] BookmarksLoadDropped droppedNodes=0
2026-09-10 11:28:12.731: [INFO] BookmarksSnapshot Startup total=0 bar=0 other=0 mobile=0 showBar=0 showBarNTP=1
2026-09-10 11:28:38.327: [INFO] BookmarksSnapshot Shutdown total=0 bar=0 other=0 mobile=0 showBar=0 showBarNTP=1
2026-09-10 11:29:20.007: [INFO] CurrentProfilePath: C:\Users\brfer\eclipse-workspace\.metadata\.plugins\org.eclipse.swt\EBWebView\Default
2026-09-10 11:29:20.007: [INFO] Profiles total count: 1
2026-09-10 11:29:20.007: [INFO] Profile: name=Perfil 1 path=C:\Users\brfer\eclipse-workspace\.metadata\.plugins\org.eclipse.swt\EBWebView\Default lastActive=2026-09-10T10:41:39.956Z
2026-09-10 11:29:20.007: [INFO] LastUsedProfileDir: C:\Users\brfer\eclipse-workspace\.metadata\.plugins\org.eclipse.swt\EBWebView\Default
2026-09-10 11:29:20.007: [INFO] MostRecentlyActiveProfile: name=Perfil 1 path=C:\Users\brfer\eclipse-workspace\.metadata\.plugins\org.eclipse.swt\EBWebView\Default lastActive=2026-09-10T10:41:39.956Z
2026-09-10 11:29:20.007: [INFO] OnDoneLoading sync enabled: 0
2026-09-10 11:29:20.007: [INFO] BookmarkModelLoaded, ids_reassigned: 0
2026-09-10 11:29:20.007: [INFO] BookmarksLoadDropped droppedNodes=0
2026-09-10 11:29:20.007: [INFO] BookmarksSnapshot Startup total=0 bar=0 other=0 mobile=0 showBar=0 showBarNTP=1
2026-09-10 11:29:24.504: [INFO] BookmarksSnapshot Shutdown total=0 bar=0 other=0 mobile=0 showBar=0 showBarNTP=1
2026-09-10 16:36:20.069: [INFO] CurrentProfilePath: C:\Users\brfer\eclipse-workspace\.metadata\.plugins\org.eclipse.swt\EBWebView\Default
2026-09-10 16:36:20.069: [INFO] Profiles total count: 1
2026-09-10 16:36:20.069: [INFO] Profile: name=Perfil 1 path=C:\Users\brfer\eclipse-workspace\.metadata\.plugins\org.eclipse.swt\EBWebView\Default lastActive=2026-09-10T10:41:39.956Z
2026-09-10 16:36:20.069: [INFO] LastUsedProfileDir: C:\Users\brfer\eclipse-workspace\.metadata\.plugins\org.eclipse.swt\EBWebView\Default
2026-09-10 16:36:20.069: [INFO] MostRecentlyActiveProfile: name=Perfil 1 path=C:\Users\brfer\eclipse-workspace\.metadata\.plugins\org.eclipse.swt\EBWebView\Default lastActive=2026-09-10T10:41:39.956Z
2026-09-10 16:36:20.069: [INFO] OnDoneLoading sync enabled: 0
2026-09-10 16:36:20.069: [INFO] BookmarkModelLoaded, ids_reassigned: 0
2026-09-10 16:36:20.069: [INFO] BookmarksLoadDropped droppedNodes=0
2026-09-10 16:36:20.069: [INFO] BookmarksSnapshot Startup total=0 bar=0 other=0 mobile=0 showBar=0 showBarNTP=1
2026-09-10 16:38:25.674: [INFO] BookmarksSnapshot Shutdown total=0 bar=0 other=0 mobile=0 showBar=0 showBarNTP=1
2026-09-10 16:40:15.998: [INFO] CurrentProfilePath: C:\Users\brfer\Desktop\uni\4º\1er semestre\ALED\eclipse-workspace\.metadata\.plugins\org.eclipse.swt\EBWebView\Default
2026-09-10 16:40:15.998: [INFO] Profiles total count: 1
2026-09-10 16:40:15.998: [INFO] Profile: name=Perfil 1 path=C:\Users\brfer\Desktop\uni\4º\1er semestre\ALED\eclipse-workspace\.metadata\.plugins\org.eclipse.swt\EBWebView\Default lastActive=2026-09-10T10:41:39.956Z
2026-09-10 16:40:15.998: [INFO] LastUsedProfileDir: C:\Users\brfer\Desktop\uni\4º\1er semestre\ALED\eclipse-workspace\.metadata\.plugins\org.eclipse.swt\EBWebView\Default
2026-09-10 16:40:15.998: [INFO] MostRecentlyActiveProfile: name=Perfil 1 path=C:\Users\brfer\Desktop\uni\4º\1er semestre\ALED\eclipse-workspace\.metadata\.plugins\org.eclipse.swt\EBWebView\Default lastActive=2026-09-10T10:41:39.956Z
2026-09-10 16:40:15.998: [INFO] OnDoneLoading sync enabled: 0
2026-09-10 16:40:15.998: [INFO] BookmarkModelLoaded, ids_reassigned: 0
2026-09-10 16:40:15.998: [INFO] BookmarksLoadDropped droppedNodes=0
2026-09-10 16:40:15.998: [INFO] BookmarksSnapshot Startup total=0 bar=0 other=0 mobile=0 showBar=0 showBarNTP=1
2026-09-10 16:40:19.095: [INFO] BookmarksSnapshot Shutdown total=0 bar=0 other=0 mobile=0 showBar=0 showBarNTP=1
2026-09-10 16:48:29.875: [INFO] CurrentProfilePath: C:\Users\brfer\Desktop\uni\4º\1er semestre\ALED\eclipse-workspace\.metadata\.plugins\org.eclipse.swt\EBWebView\Default
2026-09-10 16:48:29.875: [INFO] Profiles total count: 1
2026-09-10 16:48:29.875: [INFO] Profile: name=Perfil 1 path=C:\Users\brfer\Desktop\uni\4º\1er semestre\ALED\eclipse-workspace\.metadata\.plugins\org.eclipse.swt\EBWebView\Default lastActive=2026-09-10T10:41:39.956Z
2026-09-10 16:48:29.875: [INFO] LastUsedProfileDir: C:\Users\brfer\Desktop\uni\4º\1er semestre\ALED\eclipse-workspace\.metadata\.plugins\org.eclipse.swt\EBWebView\Default
2026-09-10 16:48:29.875: [INFO] MostRecentlyActiveProfile: name=Perfil 1 path=C:\Users\brfer\Desktop\uni\4º\1er semestre\ALED\eclipse-workspace\.metadata\.plugins\org.eclipse.swt\EBWebView\Default lastActive=2026-09-10T10:41:39.956Z
2026-09-10 16:48:29.875: [INFO] OnDoneLoading sync enabled: 0
2026-09-10 16:48:29.875: [INFO] BookmarkModelLoaded, ids_reassigned: 0
2026-09-10 16:48:29.875: [INFO] BookmarksLoadDropped droppedNodes=0
2026-09-10 16:48:29.875: [INFO] BookmarksSnapshot Startup total=0 bar=0 other=0 mobile=0 showBar=0 showBarNTP=1
2026-09-10 16:51:40.704: [INFO] BookmarksSnapshot Shutdown total=0 bar=0 other=0 mobile=0 showBar=0 showBarNTP=1
2026-09-11 07:05:39.754: [INFO] CurrentProfilePath: C:\Users\brfer\Desktop\uni\4º\1er semestre\ALED\eclipse-workspace\.metadata\.plugins\org.eclipse.swt\EBWebView\Default
2026-09-11 07:05:39.754: [INFO] Profiles total count: 1
2026-09-11 07:05:39.754: [INFO] Profile: name=Perfil 1 path=C:\Users\brfer\Desktop\uni\4º\1er semestre\ALED\eclipse-workspace\.metadata\.plugins\org.eclipse.swt\EBWebView\Default lastActive=2026-09-10T16:51:35.589Z
2026-09-11 07:05:39.754: [INFO] LastUsedProfileDir: C:\Users\brfer\Desktop\uni\4º\1er semestre\ALED\eclipse-workspace\.metadata\.plugins\org.eclipse.swt\EBWebView\Default
2026-09-11 07:05:39.754: [INFO] MostRecentlyActiveProfile: name=Perfil 1 path=C:\Users\brfer\Desktop\uni\4º\1er semestre\ALED\eclipse-workspace\.metadata\.plugins\org.eclipse.swt\EBWebView\Default lastActive=2026-09-10T16:51:35.589Z
2026-09-11 07:05:39.754: [INFO] OnDoneLoading sync enabled: 0
2026-09-11 07:05:39.754: [INFO] BookmarkModelLoaded, ids_reassigned: 0
2026-09-11 07:05:39.754: [INFO] BookmarksLoadDropped droppedNodes=0
2026-09-11 07:05:39.754: [INFO] BookmarksSnapshot Startup total=0 bar=0 other=0 mobile=0 showBar=0 showBarNTP=1
2026-09-11 07:06:02.048: [INFO] BookmarksSnapshot Shutdown total=0 bar=0 other=0 mobile=0 showBar=0 showBarNTP=1
2026-09-11 07:09:41.224: [INFO] CurrentProfilePath: C:\Users\brfer\Desktop\uni\4º\1er semestre\ALED\eclipse-workspace\.metadata\.plugins\org.eclipse.swt\EBWebView\Default
2026-09-11 07:09:41.224: [INFO] Profiles total count: 1
2026-09-11 07:09:41.224: [INFO] Profile: name=Perfil 1 path=C:\Users\brfer\Desktop\uni\4º\1er semestre\ALED\eclipse-workspace\.metadata\.plugins\org.eclipse.swt\EBWebView\Default lastActive=2026-09-10T16:51:35.589Z
2026-09-11 07:09:41.224: [INFO] LastUsedProfileDir: C:\Users\brfer\Desktop\uni\4º\1er semestre\ALED\eclipse-workspace\.metadata\.plugins\org.eclipse.swt\EBWebView\Default
2026-09-11 07:09:41.224: [INFO] MostRecentlyActiveProfile: name=Perfil 1 path=C:\Users\brfer\Desktop\uni\4º\1er semestre\ALED\eclipse-workspace\.metadata\.plugins\org.eclipse.swt\EBWebView\Default lastActive=2026-09-10T16:51:35.589Z
2026-09-11 07:09:41.224: [INFO] OnDoneLoading sync enabled: 0
2026-09-11 07:09:41.224: [INFO] BookmarkModelLoaded, ids_reassigned: 0
2026-09-11 07:09:41.224: [INFO] BookmarksLoadDropped droppedNodes=0
2026-09-11 07:09:41.224: [INFO] BookmarksSnapshot Startup total=0 bar=0 other=0 mobile=0 showBar=0 showBarNTP=1
2026-09-11 07:10:33.540: [INFO] BookmarksSnapshot Shutdown total=0 bar=0 other=0 mobile=0 showBar=0 showBarNTP=1
2026-09-11 07:12:38.587: [INFO] CurrentProfilePath: C:\Users\brfer\Desktop\uni\4º\1er semestre\ALED\eclipse-workspace\.metadata\.plugins\org.eclipse.swt\EBWebView\Default
2026-09-11 07:12:38.587: [INFO] Profiles total count: 1
2026-09-11 07:12:38.587: [INFO] Profile: name=Perfil 1 path=C:\Users\brfer\Desktop\uni\4º\1er semestre\ALED\eclipse-workspace\.metadata\.plugins\org.eclipse.swt\EBWebView\Default lastActive=2026-09-11T07:09:41.508Z
2026-09-11 07:12:38.587: [INFO] LastUsedProfileDir: C:\Users\brfer\Desktop\uni\4º\1er semestre\ALED\eclipse-workspace\.metadata\.plugins\org.eclipse.swt\EBWebView\Default
2026-09-11 07:12:38.587: [INFO] MostRecentlyActiveProfile: name=Perfil 1 path=C:\Users\brfer\Desktop\uni\4º\1er semestre\ALED\eclipse-workspace\.metadata\.plugins\org.eclipse.swt\EBWebView\Default lastActive=2026-09-11T07:09:41.508Z
2026-09-11 07:12:38.587: [INFO] OnDoneLoading sync enabled: 0
2026-09-11 07:12:38.587: [INFO] BookmarkModelLoaded, ids_reassigned: 0
2026-09-11 07:12:38.587: [INFO] BookmarksLoadDropped droppedNodes=0
2026-09-11 07:12:38.587: [INFO] BookmarksSnapshot Startup total=0 bar=0 other=0 mobile=0 showBar=0 showBarNTP=1
2026-09-11 07:12:41.444: [INFO] BookmarksSnapshot Shutdown total=0 bar=0 other=0 mobile=0 showBar=0 showBarNTP=1
2026-09-11 07:17:13.978: [INFO] CurrentProfilePath: C:\Users\brfer\Desktop\uni\4º\1er semestre\ALED\eclipse-workspace\.metadata\.plugins\org.eclipse.swt\EBWebView\Default
2026-09-11 07:17:13.978: [INFO] Profiles total count: 1
2026-09-11 07:17:13.978: [INFO] Profile: name=Perfil 1 path=C:\Users\brfer\Desktop\uni\4º\1er semestre\ALED\eclipse-workspace\.metadata\.plugins\org.eclipse.swt\EBWebView\Default lastActive=2026-09-11T07:09:41.508Z
2026-09-11 07:17:13.978: [INFO] LastUsedProfileDir: C:\Users\brfer\Desktop\uni\4º\1er semestre\ALED\eclipse-workspace\.metadata\.plugins\org.eclipse.swt\EBWebView\Default
2026-09-11 07:17:13.978: [INFO] MostRecentlyActiveProfile: name=Perfil 1 path=C:\Users\brfer\Desktop\uni\4º\1er semestre\ALED\eclipse-workspace\.metadata\.plugins\org.eclipse.swt\EBWebView\Default lastActive=2026-09-11T07:09:41.508Z
2026-09-11 07:17:13.978: [INFO] OnDoneLoading sync enabled: 0
2026-09-11 07:17:13.978: [INFO] BookmarkModelLoaded, ids_reassigned: 0
2026-09-11 07:17:13.978: [INFO] BookmarksLoadDropped droppedNodes=0
2026-09-11 07:17:13.978: [INFO] BookmarksSnapshot Startup total=0 bar=0 other=0 mobile=0 showBar=0 showBarNTP=1
2026-09-11 07:19:27.227: [INFO] BookmarksSnapshot Shutdown total=0 bar=0 other=0 mobile=0 showBar=0 showBarNTP=1
2026-09-11 07:22:33.335: [INFO] CurrentProfilePath: C:\Users\brfer\Desktop\uni\4º\1er semestre\ALED\eclipse-workspace\.metadata\.plugins\org.eclipse.swt\EBWebView\Default
2026-09-11 07:22:33.335: [INFO] Profiles total count: 1
2026-09-11 07:22:33.335: [INFO] Profile: name=Perfil 1 path=C:\Users\brfer\Desktop\uni\4º\1er semestre\ALED\eclipse-workspace\.metadata\.plugins\org.eclipse.swt\EBWebView\Default lastActive=2026-09-11T07:09:41.508Z
2026-09-11 07:22:33.335: [INFO] LastUsedProfileDir: C:\Users\brfer\Desktop\uni\4º\1er semestre\ALED\eclipse-workspace\.metadata\.plugins\org.eclipse.swt\EBWebView\Default
2026-09-11 07:22:33.335: [INFO] MostRecentlyActiveProfile: name=Perfil 1 path=C:\Users\brfer\Desktop\uni\4º\1er semestre\ALED\eclipse-workspace\.metadata\.plugins\org.eclipse.swt\EBWebView\Default lastActive=2026-09-11T07:09:41.508Z
2026-09-11 07:22:33.335: [INFO] OnDoneLoading sync enabled: 0
2026-09-11 07:22:33.335: [INFO] BookmarkModelLoaded, ids_reassigned: 0
2026-09-11 07:22:33.335: [INFO] BookmarksLoadDropped droppedNodes=0
2026-09-11 07:22:33.335: [INFO] BookmarksSnapshot Startup total=0 bar=0 other=0 mobile=0 showBar=0 showBarNTP=1
2026-09-11 07:25:19.021: [INFO] BookmarksSnapshot Shutdown total=0 bar=0 other=0 mobile=0 showBar=0 showBarNTP=1
2026-09-11 07:26:11.924: [INFO] CurrentProfilePath: C:\Users\brfer\Desktop\uni\4º\1er semestre\ALED\eclipse-workspace\.metadata\.plugins\org.eclipse.swt\EBWebView\Default
2026-09-11 07:26:11.924: [INFO] Profiles total count: 1
2026-09-11 07:26:11.924: [INFO] Profile: name=Perfil 1 path=C:\Users\brfer\Desktop\uni\4º\1er semestre\ALED\eclipse-workspace\.metadata\.plugins\org.eclipse.swt\EBWebView\Default lastActive=2026-09-11T07:09:41.508Z
2026-09-11 07:26:11.924: [INFO] LastUsedProfileDir: C:\Users\brfer\Desktop\uni\4º\1er semestre\ALED\eclipse-workspace\.metadata\.plugins\org.eclipse.swt\EBWebView\Default
2026-09-11 07:26:11.924: [INFO] MostRecentlyActiveProfile: name=Perfil 1 path=C:\Users\brfer\Desktop\uni\4º\1er semestre\ALED\eclipse-workspace\.metadata\.plugins\org.eclipse.swt\EBWebView\Default lastActive=2026-09-11T07:09:41.508Z
2026-09-11 07:26:11.924: [INFO] OnDoneLoading sync enabled: 0
2026-09-11 07:26:11.924: [INFO] BookmarkModelLoaded, ids_reassigned: 0
2026-09-11 07:26:11.924: [INFO] BookmarksLoadDropped droppedNodes=0
2026-09-11 07:26:11.924: [INFO] BookmarksSnapshot Startup total=0 bar=0 other=0 mobile=0 showBar=0 showBarNTP=1
2026-09-11 09:47:16.067: [INFO] BookmarksSnapshot Shutdown total=0 bar=0 other=0 mobile=0 showBar=0 showBarNTP=1
2026-09-11 19:23:59.981: [INFO] CurrentProfilePath: C:\Users\brfer\Desktop\uni\4º\1er semestre\ALED\eclipse-workspace\.metadata\.plugins\org.eclipse.swt\EBWebView\Default
2026-09-11 19:23:59.981: [INFO] Profiles total count: 1
2026-09-11 19:23:59.981: [INFO] Profile: name=Perfil 1 path=C:\Users\brfer\Desktop\uni\4º\1er semestre\ALED\eclipse-workspace\.metadata\.plugins\org.eclipse.swt\EBWebView\Default lastActive=2026-09-11T07:48:56.991Z
2026-09-11 19:23:59.981: [INFO] LastUsedProfileDir: C:\Users\brfer\Desktop\uni\4º\1er semestre\ALED\eclipse-workspace\.metadata\.plugins\org.eclipse.swt\EBWebView\Default
2026-09-11 19:23:59.981: [INFO] MostRecentlyActiveProfile: name=Perfil 1 path=C:\Users\brfer\Desktop\uni\4º\1er semestre\ALED\eclipse-workspace\.metadata\.plugins\org.eclipse.swt\EBWebView\Default lastActive=2026-09-11T07:48:56.991Z
2026-09-11 19:23:59.981: [INFO] OnDoneLoading sync enabled: 0
2026-09-11 19:23:59.981: [INFO] BookmarkModelLoaded, ids_reassigned: 0
2026-09-11 19:23:59.981: [INFO] BookmarksLoadDropped droppedNodes=0
2026-09-11 19:23:59.981: [INFO] BookmarksSnapshot Startup total=0 bar=0 other=0 mobile=0 showBar=0 showBarNTP=1
2026-09-11 19:24:10.642: [INFO] BookmarksSnapshot Shutdown total=0 bar=0 other=0 mobile=0 showBar=0 showBarNTP=1
